---
source: cgx-core/src/sbom.rs
expression: normalized
---
{
  "bomFormat": "CycloneDX",
  "components": [],
  "dependencies": [
    {
      "ref": "pkg:cargo/simple-lib-no-deps@[VERSION]"
    }
  ],
  "metadata": {
    "component": {
      "bom-ref": "pkg:cargo/simple-lib-no-deps@[VERSION]",
      "name": "simple-lib-no-deps",
      "purl": "pkg:cargo/simple-lib-no-deps@[VERSION]",
      "type": "application",
      "version": "[VERSION]"
    },
    "tools": [
      {
        "name": "cgx",
        "vendor": "cgx project",
        "version": "[VERSION]"
      }
    ]
  },
  "specVersion": "1.4",
  "version": 1
}
