---
source: cgx-core/src/sbom.rs
expression: normalized
---
{
  "bomFormat": "CycloneDX",
  "components": [],
  "dependencies": [
    {
      "ref": "pkg:cargo/timestamp@[VERSION]"
    }
  ],
  "metadata": {
    "component": {
      "bom-ref": "pkg:cargo/timestamp@[VERSION]",
      "name": "timestamp",
      "properties": [
        {
          "name": "build:no-default-features",
          "value": "true"
        }
      ],
      "purl": "pkg:cargo/timestamp@[VERSION]",
      "type": "application",
      "version": "[VERSION]"
    },
    "tools": [
      {
        "name": "cgx",
        "vendor": "cgx project",
        "version": "[VERSION]"
      }
    ]
  },
  "specVersion": "1.4",
  "version": 1
}
